<?xml version="1.0" encoding="utf-8"?>
<TestRun id="8f6d7812-ba0f-4edc-9e38-01b2f308ad7c" name="Utilizador@DESKTOP-PD528C3 2023-02-16 00:11:20" runUser="DESKTOP-PD528C3\Utilizador">
  <Times creation="2023-02-16T00:11:20.3377659+00:00" queuing="2023-02-16T00:11:20.3377661+00:00" start="2023-02-16T00:11:19.3374980+00:00" finish="2023-02-16T00:11:20.3456458+00:00" />
  <TestSettings name="default" id="2826e1e2-ef8f-4eb4-bc16-2546da2ba428">
    <Deployment runDeploymentRoot="Utilizador_DESKTOP-PD528C3_2023-02-16_00_11_20" />
  </TestSettings>
  <Results>
    <UnitTestResult executionId="d8e5b3da-893e-4b03-a651-de604e13740f" testId="0a135621-0e2f-1240-b876-fb3dd56eadae" testName="SimpleNumberCompare(1,1)" computerName="DESKTOP-PD528C3" duration="00:00:00.0129050" startTime="2023-02-16T00:11:20.1654184+00:00" endTime="2023-02-16T00:11:20.1782455+00:00" testType="13cdc9d9-ddb5-4fa4-a97d-d965ccfc6d4b" outcome="Passed" testListId="8c84fa94-04c1-424b-9868-57a2d4851a1d" relativeResultsDirectory="d8e5b3da-893e-4b03-a651-de604e13740f" />
    <UnitTestResult executionId="6b84f7ab-1846-468e-8c47-0d4f01709d4e" testId="bf3170b6-b1fd-cc8b-daa7-315dac1f80cc" testName="SimpleNumberCompare(4,4)" computerName="DESKTOP-PD528C3" duration="00:00:00.0000110" startTime="2023-02-16T00:11:20.1798151+00:00" endTime="2023-02-16T00:11:20.1798260+00:00" testType="13cdc9d9-ddb5-4fa4-a97d-d965ccfc6d4b" outcome="Passed" testListId="8c84fa94-04c1-424b-9868-57a2d4851a1d" relativeResultsDirectory="6b84f7ab-1846-468e-8c47-0d4f01709d4e" />
    <UnitTestResult executionId="af847281-3312-4657-b74e-07dbfd2c27a5" testId="3ade358c-328b-c90b-7c97-c25ae8a92095" testName="SimpleStringCompare()" computerName="DESKTOP-PD528C3" duration="00:00:00.0000530" startTime="2023-02-16T00:11:20.1809976+00:00" endTime="2023-02-16T00:11:20.1810504+00:00" testType="13cdc9d9-ddb5-4fa4-a97d-d965ccfc6d4b" outcome="Passed" testListId="8c84fa94-04c1-424b-9868-57a2d4851a1d" relativeResultsDirectory="af847281-3312-4657-b74e-07dbfd2c27a5" />
    <UnitTestResult executionId="854cb243-ecd6-4cbe-9d8a-a9d571ee5743" testId="f2de63e1-a2e1-134a-f0aa-aa4933f801df" testName="SimpleNumberCompare(2,2)" computerName="DESKTOP-PD528C3" duration="00:00:00.0001150" startTime="2023-02-16T00:11:20.1796766+00:00" endTime="2023-02-16T00:11:20.1797913+00:00" testType="13cdc9d9-ddb5-4fa4-a97d-d965ccfc6d4b" outcome="Passed" testListId="8c84fa94-04c1-424b-9868-57a2d4851a1d" relativeResultsDirectory="854cb243-ecd6-4cbe-9d8a-a9d571ee5743" />
    <UnitTestResult executionId="f3938b92-c8be-4b74-946c-ede99df5ca17" testId="9e25854f-e30c-f2db-49d5-285adb0e9913" testName="SimpleNumberCompare(3,3)" computerName="DESKTOP-PD528C3" duration="00:00:00.0000100" startTime="2023-02-16T00:11:20.1798015+00:00" endTime="2023-02-16T00:11:20.1798110+00:00" testType="13cdc9d9-ddb5-4fa4-a97d-d965ccfc6d4b" outcome="Passed" testListId="8c84fa94-04c1-424b-9868-57a2d4851a1d" relativeResultsDirectory="f3938b92-c8be-4b74-946c-ede99df5ca17" />
  </Results>
  <TestDefinitions>
    <UnitTest name="SimpleNumberCompare(4,4)" storage="c:\users\utilizador\riderprojects\testsolution\nunittestexample\bin\debug\net6.0\nunittestexample.dll" id="bf3170b6-b1fd-cc8b-daa7-315dac1f80cc">
      <Execution id="6b84f7ab-1846-468e-8c47-0d4f01709d4e" />
      <TestMethod codeBase="C:\Users\Utilizador\RiderProjects\TestSolution\NUnitTestExample\bin\Debug\net6.0\NUnitTestExample.dll" adapterTypeName="executor://nunit3testexecutor/" className="NUnitTestExample.Tests" name="SimpleNumberCompare(4,4)" />
    </UnitTest>
    <UnitTest name="SimpleNumberCompare(3,3)" storage="c:\users\utilizador\riderprojects\testsolution\nunittestexample\bin\debug\net6.0\nunittestexample.dll" id="9e25854f-e30c-f2db-49d5-285adb0e9913">
      <Execution id="f3938b92-c8be-4b74-946c-ede99df5ca17" />
      <TestMethod codeBase="C:\Users\Utilizador\RiderProjects\TestSolution\NUnitTestExample\bin\Debug\net6.0\NUnitTestExample.dll" adapterTypeName="executor://nunit3testexecutor/" className="NUnitTestExample.Tests" name="SimpleNumberCompare(3,3)" />
    </UnitTest>
    <UnitTest name="SimpleNumberCompare(2,2)" storage="c:\users\utilizador\riderprojects\testsolution\nunittestexample\bin\debug\net6.0\nunittestexample.dll" id="f2de63e1-a2e1-134a-f0aa-aa4933f801df">
      <Execution id="854cb243-ecd6-4cbe-9d8a-a9d571ee5743" />
      <TestMethod codeBase="C:\Users\Utilizador\RiderProjects\TestSolution\NUnitTestExample\bin\Debug\net6.0\NUnitTestExample.dll" adapterTypeName="executor://nunit3testexecutor/" className="NUnitTestExample.Tests" name="SimpleNumberCompare(2,2)" />
    </UnitTest>
    <UnitTest name="SimpleNumberCompare(1,1)" storage="c:\users\utilizador\riderprojects\testsolution\nunittestexample\bin\debug\net6.0\nunittestexample.dll" id="0a135621-0e2f-1240-b876-fb3dd56eadae">
      <Execution id="d8e5b3da-893e-4b03-a651-de604e13740f" />
      <TestMethod codeBase="C:\Users\Utilizador\RiderProjects\TestSolution\NUnitTestExample\bin\Debug\net6.0\NUnitTestExample.dll" adapterTypeName="executor://nunit3testexecutor/" className="NUnitTestExample.Tests" name="SimpleNumberCompare(1,1)" />
    </UnitTest>
    <UnitTest name="SimpleStringCompare()" storage="c:\users\utilizador\riderprojects\testsolution\nunittestexample\bin\debug\net6.0\nunittestexample.dll" id="3ade358c-328b-c90b-7c97-c25ae8a92095">
      <Execution id="af847281-3312-4657-b74e-07dbfd2c27a5" />
      <TestMethod codeBase="C:\Users\Utilizador\RiderProjects\TestSolution\NUnitTestExample\bin\Debug\net6.0\NUnitTestExample.dll" adapterTypeName="executor://nunit3testexecutor/" className="NUnitTestExample.Tests" name="SimpleStringCompare()" />
    </UnitTest>
  </TestDefinitions>
  <TestEntries>
    <TestEntry testId="0a135621-0e2f-1240-b876-fb3dd56eadae" executionId="d8e5b3da-893e-4b03-a651-de604e13740f" testListId="8c84fa94-04c1-424b-9868-57a2d4851a1d" />
    <TestEntry testId="bf3170b6-b1fd-cc8b-daa7-315dac1f80cc" executionId="6b84f7ab-1846-468e-8c47-0d4f01709d4e" testListId="8c84fa94-04c1-424b-9868-57a2d4851a1d" />
    <TestEntry testId="3ade358c-328b-c90b-7c97-c25ae8a92095" executionId="af847281-3312-4657-b74e-07dbfd2c27a5" testListId="8c84fa94-04c1-424b-9868-57a2d4851a1d" />
    <TestEntry testId="f2de63e1-a2e1-134a-f0aa-aa4933f801df" executionId="854cb243-ecd6-4cbe-9d8a-a9d571ee5743" testListId="8c84fa94-04c1-424b-9868-57a2d4851a1d" />
    <TestEntry testId="9e25854f-e30c-f2db-49d5-285adb0e9913" executionId="f3938b92-c8be-4b74-946c-ede99df5ca17" testListId="8c84fa94-04c1-424b-9868-57a2d4851a1d" />
  </TestEntries>
  <TestLists>
    <TestList name="Results Not in a List" id="8c84fa94-04c1-424b-9868-57a2d4851a1d" />
    <TestList name="All Loaded Results" id="19431567-8539-422a-85d7-44ee4e166bda" />
  </TestLists>
  <ResultSummary outcome="Completed">
    <Counters total="5" executed="5" passed="5" failed="0" error="0" timeout="0" aborted="0" inconclusive="0" passedButRunAborted="0" notRunnable="0" notExecuted="0" disconnected="0" warning="0" completed="0" inProgress="0" pending="0" />
    <Output>
      <StdOut>NUnit Adapter 4.2.0.0: Test execution started
Running all tests in C:\Users\Utilizador\RiderProjects\TestSolution\NUnitTestExample\bin\Debug\net6.0\NUnitTestExample.dll
   NUnit3TestExecutor discovered 5 of 5 NUnit test cases using Current Discovery mode, Non-Explicit run
NUnit Adapter 4.2.0.0: Test execution complete
</StdOut>
    </Output>
  </ResultSummary>
</TestRun>